# Code was generated by github.com/tmc/protoc-gen-graphql. DO NOT EDIT.

schema:
- gengraphql/schema.graphql
exec:
  filename: gengraphql/generated.go
model:
  filename: gengraphql/models_gen.go
resolver:
  filename: gengraphql/resolver.go
  type: Resolver
  dir: ""
autobind: []
models:
  HelloResp:
    model:
    - multifile.HelloResp
  Second_SecondReq:
    model:
    - multifile.SecondReq
  Second_SecondResp:
    model:
    - multifile.SecondResp
