# Code was generated by github.com/tmc/protoc-gen-graphql. DO NOT EDIT.

type Query {
	hello: HelloResp!
	second(req: Second_SecondReq): Second_SecondResp!
}

type HelloResp {
	text: String!
}

type Second_SecondResp {
	second: String!
}

input Second_SecondReq {
	second: String!
}
