# Code was generated by github.com/tmc/protoc-gen-graphql. DO NOT EDIT.

type Query {
	hello: HelloResp!
}

type HelloResp {
	text: String!

}
