# Code was generated by github.com/tmc/protoc-gen-gql. DO NOT EDIT.

schema:
- gengql/schema.graphql
exec:
  filename: gengql/generated.go
model:
  filename: gengql/models_gen.go
resolver:
  filename: gengql/resolver.go
  type: Resolver
  dir: ""
autobind: []
models:
  ByeReq:
    model:
    - multitypes.ByeReq
  ByeResp:
    model:
    - multitypes.ByeResp
  HelloReq:
    model:
    - multitypes.HelloReq
  HelloResp:
    model:
    - multitypes.HelloResp
  Traffic:
    model:
    - multitypes.Traffic
