# Code was generated by github.com/tmc/protoc-gen-graphql. DO NOT EDIT.

schema:
- gengraphql/schema.graphql
exec:
  filename: gengraphql/generated.go
model:
  filename: gengraphql/models_gen.go
resolver:
  filename: gengraphql/resolver.go
  type: Resolver
  dir: ""
autobind: []
models:
  HelloReq:
    model:
    - simple.HelloReq
  HelloResp:
    model:
    - simple.HelloResp
