# Code was generated by github.com/tmc/protoc-gen-graphql. DO NOT EDIT.

type Query {
	hello(req: HelloReq): HelloResp!
}

type HelloResp {
	text: String!

}

input HelloReq {
	name: String
}
