# Code was generated by github.com/tmc/protoc-gen-gql. DO NOT EDIT.

schema:
- gengql/schema.graphql
exec:
  filename: gengql/generated.go
model:
  filename: gengql/models_gen.go
resolver:
  filename: gengql/resolver.go
  type: Resolver
  dir: ""
autobind: []
models:
  HelloResp:
    model:
    - multifile.HelloResp
  Second_SecondReq:
    model:
    - multifile.SecondReq
  Second_SecondResp:
    model:
    - multifile.SecondResp
