# Code was generated by github.com/tmc/protoc-gen-graphql. DO NOT EDIT.

type Query {
	hello(req: HelloMsgInput): HelloMsg!
}

type Mutation {
	goodbye(req: HelloMsgInput): HelloMsg!
}

type HelloMsg {
	text: String!

	OK: Boolean!

}

input HelloMsgInput {
	text: String
	OK: Boolean
}
