# Code was generated by github.com/tmc/protoc-gen-graphql. DO NOT EDIT.

schema:
- gengraphql/schema.graphql
exec:
  filename: gengraphql/generated.go
model:
  filename: gengraphql/models_gen.go
resolver:
  filename: gengraphql/resolver.go
  type: Resolver
  dir: ""
autobind: []
models:
  ByeReq:
    model:
    - multitypes.ByeReq
  ByeResp:
    model:
    - multitypes.ByeResp
  HelloReq:
    model:
    - multitypes.HelloReq
  HelloResp:
    model:
    - multitypes.HelloResp
  Traffic:
    model:
    - multitypes.Traffic
