# Code was generated by github.com/tmc/protoc-gen-gql. DO NOT EDIT.

schema:
- gengql/schema.graphql
exec:
  filename: gengql/generated.go
model:
  filename: gengql/models_gen.go
resolver:
  filename: gengql/resolver.go
  type: Resolver
  dir: ""
autobind: []
models:
  HelloReq:
    model:
    - simple.HelloReq
  HelloResp:
    model:
    - simple.HelloResp
