# Code was generated by github.com/tmc/protoc-gen-gql. DO NOT EDIT.

type Query {
	hello(req: HelloReq): HelloResp!
}

type HelloResp {
	text: String!
}

input HelloReq {
	name: String!
}
